// Jest Snapshot v1, https://goo.gl/fbAQLP

exports[`<VodSyncResult /> renders correctly 1`] = `
<div
  className="css-zjarua"
>
  <p
    className="chakra-text css-ao67d5"
  >
    <a
      className="chakra-link css-0"
      href="random result"
      rel="noopener noreferrer"
      target="_blank"
    >
      random result
    </a>
  </p>
  <svg
    className="chakra-icon css-xbrkfx"
    fill="currentColor"
    focusable={false}
    height="1em"
    onClick={[Function]}
    stroke="currentColor"
    strokeWidth="0"
    style={
      Object {
        "color": undefined,
      }
    }
    viewBox="0 0 448 512"
    width="1em"
    xmlns="http://www.w3.org/2000/svg"
  >
    <path
      d="M32 464a48 48 0 0 0 48 48h288a48 48 0 0 0 48-48V128H32zm272-256a16 16 0 0 1 32 0v224a16 16 0 0 1-32 0zm-96 0a16 16 0 0 1 32 0v224a16 16 0 0 1-32 0zm-96 0a16 16 0 0 1 32 0v224a16 16 0 0 1-32 0zM432 32H312l-9.4-18.7A24 24 0 0 0 281.1 0H166.8a23.72 23.72 0 0 0-21.4 13.3L136 32H16A16 16 0 0 0 0 48v32a16 16 0 0 0 16 16h416a16 16 0 0 0 16-16V48a16 16 0 0 0-16-16z"
    />
  </svg>
</div>
`;
